{
  "version": "1.5.0",
  "plugins_used": [
    {
      "name": "Base64HighEntropyString",
      "limit": 4.5
    },
    {
      "name": "HexHighEntropyString",
      "limit": 3.0
    }
  ],
  "filters_used": [
    {
      "path": "detect_secrets.filters.allowlist.is_line_allowlisted"
    },
    {
      "path": "detect_secrets.filters.heuristic.is_indirect_reference"
    },
    {
      "path": "detect_secrets.filters.heuristic.is_likely_id_string"
    },
    {
      "path": "detect_secrets.filters.heuristic.is_lock_file"
    },
    {
      "path": "detect_secrets.filters.heuristic.is_not_alphanumeric_string"
    },
    {
      "path": "detect_secrets.filters.heuristic.is_potential_uuid"
    }
  ],
  "results": {}
}
